// Jest Snapshot v1, https://goo.gl/fbAQLP

exports[`HomeListSectionHeader  HomeListSectionHeader renders correctly 1`] = `
<View
  style={
    {
      "alignItems": "center",
      "alignSelf": "center",
      "backgroundColor": "#2e2f32",
      "borderRadius": 76.48983229452425,
      "flexDirection": "row",
      "justifyContent": "center",
      "marginVertical": 26.68,
      "paddingHorizontal": 15,
      "paddingVertical": 13.34,
    }
  }
>
  <View>
    <Image
      style={
        [
          {
            "resizeMode": "contain",
          },
          null,
          {
            "height": 30.13699392404255,
            "width": 30.13699392404255,
          },
          {
            "tintColor": "#93b2fd",
          },
        ]
      }
    />
  </View>
  <Text
    style={
      {
        "color": "#ffffff",
        "marginLeft": 7.5,
      }
    }
  />
</View>
`;
